1 28 19 15 14 13 12 11 16 20 21 17 20 16 11 12 18 20 17 22 23 19 20 18 13 14 15 20 19 24