1 102 2 5 6 2 1 8 4 1 8 4 1 8 2 7 8 1 4 2 1 4 2 1 5 6 7 8 4 2 1 5 2 4 8 7 6 3 5 2 7 8 4 7 2 5 3 2 5 3 2 6 8 5 3 2 6 3 5 4 7 5 4 8 3 6 2 4 5 1 4 2 6 5 1 4 2 1 5 3 8 5 3 6 1 3 5 8 6 1 3 2 4 5 1 3 2 1 5 4 1 2 3 6