1 145 20 21 16 20 21 16 22 17 20 21 16 22 17 23 18 20 21 17 22 16 17 21 20 18 24 19 18 20 21 17 16 22 23 21 20 18 19 24 18 20 21 18 20 19 24 20 18 21 19 24 20 18 24 19 17 23 21 17 23 21 22 16 21 22 17 23 22 21 16 17 21 22 23 21 22 16 17 22 21 23 16 17 22 21 17 22 21 17 22 16 23 22 17 21 16 17 22 23 19 20 18 24 20 18 24 20 18 19 23 18 19 24 20 19 24 23 18 24 23 18 24 23 19 20 18 19 23 24 19 18 20 23 18 19 24 18 23 20 19 24 18 23 24 19 20